Archive member included to satisfy reference by file (symbol)

/opt/st/stm32cubeide_1.2.0/plugins/com.st.stm32cube.ide.mcu.externaltools.gnu-tools-for-stm32.7-2018-q2-update.linux64_1.0.0.201904181610/tools/bin/../lib/gcc/arm-none-eabi/7.3.1/../../../../arm-none-eabi/lib/thumb/v7e-m/fpv4-sp/hard/libc_nano.a(lib_a-errno.o)
                              Src/syscalls.o (__errno)
/opt/st/stm32cubeide_1.2.0/plugins/com.st.stm32cube.ide.mcu.externaltools.gnu-tools-for-stm32.7-2018-q2-update.linux64_1.0.0.201904181610/tools/bin/../lib/gcc/arm-none-eabi/7.3.1/../../../../arm-none-eabi/lib/thumb/v7e-m/fpv4-sp/hard/libc_nano.a(lib_a-exit.o)
                              /opt/st/stm32cubeide_1.2.0/plugins/com.st.stm32cube.ide.mcu.externaltools.gnu-tools-for-stm32.7-2018-q2-update.linux64_1.0.0.201904181610/tools/bin/../lib/gcc/arm-none-eabi/7.3.1/../../../../arm-none-eabi/lib/thumb/v7e-m/fpv4-sp/hard/crt0.o (exit)
/opt/st/stm32cubeide_1.2.0/plugins/com.st.stm32cube.ide.mcu.externaltools.gnu-tools-for-stm32.7-2018-q2-update.linux64_1.0.0.201904181610/tools/bin/../lib/gcc/arm-none-eabi/7.3.1/../../../../arm-none-eabi/lib/thumb/v7e-m/fpv4-sp/hard/libc_nano.a(lib_a-impure.o)
                              /opt/st/stm32cubeide_1.2.0/plugins/com.st.stm32cube.ide.mcu.externaltools.gnu-tools-for-stm32.7-2018-q2-update.linux64_1.0.0.201904181610/tools/bin/../lib/gcc/arm-none-eabi/7.3.1/../../../../arm-none-eabi/lib/thumb/v7e-m/fpv4-sp/hard/libc_nano.a(lib_a-exit.o) (_global_impure_ptr)
/opt/st/stm32cubeide_1.2.0/plugins/com.st.stm32cube.ide.mcu.externaltools.gnu-tools-for-stm32.7-2018-q2-update.linux64_1.0.0.201904181610/tools/bin/../lib/gcc/arm-none-eabi/7.3.1/../../../../arm-none-eabi/lib/thumb/v7e-m/fpv4-sp/hard/libc_nano.a(lib_a-init.o)
                              /opt/st/stm32cubeide_1.2.0/plugins/com.st.stm32cube.ide.mcu.externaltools.gnu-tools-for-stm32.7-2018-q2-update.linux64_1.0.0.201904181610/tools/bin/../lib/gcc/arm-none-eabi/7.3.1/../../../../arm-none-eabi/lib/thumb/v7e-m/fpv4-sp/hard/crt0.o (__libc_init_array)
/opt/st/stm32cubeide_1.2.0/plugins/com.st.stm32cube.ide.mcu.externaltools.gnu-tools-for-stm32.7-2018-q2-update.linux64_1.0.0.201904181610/tools/bin/../lib/gcc/arm-none-eabi/7.3.1/../../../../arm-none-eabi/lib/thumb/v7e-m/fpv4-sp/hard/libc_nano.a(lib_a-memset.o)
                              /opt/st/stm32cubeide_1.2.0/plugins/com.st.stm32cube.ide.mcu.externaltools.gnu-tools-for-stm32.7-2018-q2-update.linux64_1.0.0.201904181610/tools/bin/../lib/gcc/arm-none-eabi/7.3.1/../../../../arm-none-eabi/lib/thumb/v7e-m/fpv4-sp/hard/crt0.o (memset)
/opt/st/stm32cubeide_1.2.0/plugins/com.st.stm32cube.ide.mcu.externaltools.gnu-tools-for-stm32.7-2018-q2-update.linux64_1.0.0.201904181610/tools/bin/../lib/gcc/arm-none-eabi/7.3.1/../../../../arm-none-eabi/lib/thumb/v7e-m/fpv4-sp/hard/libc_nano.a(lib_a-printf.o)
                              Src/main.o (printf)
/opt/st/stm32cubeide_1.2.0/plugins/com.st.stm32cube.ide.mcu.externaltools.gnu-tools-for-stm32.7-2018-q2-update.linux64_1.0.0.201904181610/tools/bin/../lib/gcc/arm-none-eabi/7.3.1/../../../../arm-none-eabi/lib/thumb/v7e-m/fpv4-sp/hard/libc_nano.a(lib_a-findfp.o)
                              /opt/st/stm32cubeide_1.2.0/plugins/com.st.stm32cube.ide.mcu.externaltools.gnu-tools-for-stm32.7-2018-q2-update.linux64_1.0.0.201904181610/tools/bin/../lib/gcc/arm-none-eabi/7.3.1/../../../../arm-none-eabi/lib/thumb/v7e-m/fpv4-sp/hard/libc_nano.a(lib_a-printf.o) (__sinit)
/opt/st/stm32cubeide_1.2.0/plugins/com.st.stm32cube.ide.mcu.externaltools.gnu-tools-for-stm32.7-2018-q2-update.linux64_1.0.0.201904181610/tools/bin/../lib/gcc/arm-none-eabi/7.3.1/../../../../arm-none-eabi/lib/thumb/v7e-m/fpv4-sp/hard/libc_nano.a(lib_a-fwalk.o)
                              /opt/st/stm32cubeide_1.2.0/plugins/com.st.stm32cube.ide.mcu.externaltools.gnu-tools-for-stm32.7-2018-q2-update.linux64_1.0.0.201904181610/tools/bin/../lib/gcc/arm-none-eabi/7.3.1/../../../../arm-none-eabi/lib/thumb/v7e-m/fpv4-sp/hard/libc_nano.a(lib_a-findfp.o) (_fwalk)
/opt/st/stm32cubeide_1.2.0/plugins/com.st.stm32cube.ide.mcu.externaltools.gnu-tools-for-stm32.7-2018-q2-update.linux64_1.0.0.201904181610/tools/bin/../lib/gcc/arm-none-eabi/7.3.1/../../../../arm-none-eabi/lib/thumb/v7e-m/fpv4-sp/hard/libc_nano.a(lib_a-nano-mallocr.o)
                              /opt/st/stm32cubeide_1.2.0/plugins/com.st.stm32cube.ide.mcu.externaltools.gnu-tools-for-stm32.7-2018-q2-update.linux64_1.0.0.201904181610/tools/bin/../lib/gcc/arm-none-eabi/7.3.1/../../../../arm-none-eabi/lib/thumb/v7e-m/fpv4-sp/hard/libc_nano.a(lib_a-findfp.o) (_malloc_r)
/opt/st/stm32cubeide_1.2.0/plugins/com.st.stm32cube.ide.mcu.externaltools.gnu-tools-for-stm32.7-2018-q2-update.linux64_1.0.0.201904181610/tools/bin/../lib/gcc/arm-none-eabi/7.3.1/../../../../arm-none-eabi/lib/thumb/v7e-m/fpv4-sp/hard/libc_nano.a(lib_a-nano-vfprintf.o)
[...]
Memory Configuration

Name             Origin             Length             Attributes
RAM              0x0000000020000000 0x0000000000020000 xrw
ROM              0x0000000008000000 0x0000000000100000 xr
*default*        0x0000000000000000 0xffffffffffffffff

Linker script and memory map

LOAD /opt/st/stm32cubeide_1.2.0/plugins/com.st.stm32cube.ide.mcu.externaltools.gnu-tools-for-stm32.7-2018-q2-update.linux64_1.0.0.201904181610/tools/bin/../lib/gcc/arm-none-eabi/7.3.1/thumb/v7e-m/fpv4-sp/hard/crti.o
LOAD /opt/st/stm32cubeide_1.2.0/plugins/com.st.stm32cube.ide.mcu.externaltools.gnu-tools-for-stm32.7-2018-q2-update.linux64_1.0.0.201904181610/tools/bin/../lib/gcc/arm-none-eabi/7.3.1/thumb/v7e-m/fpv4-sp/hard/crtbegin.o
LOAD /opt/st/stm32cubeide_1.2.0/plugins/com.st.stm32cube.ide.mcu.externaltools.gnu-tools-for-stm32.7-2018-q2-update.linux64_1.0.0.201904181610/tools/bin/../lib/gcc/arm-none-eabi/7.3.1/../../../../arm-none-eabi/lib/thumb/v7e-m/fpv4-sp/hard/crt0.o
LOAD Src/main.o
LOAD Src/syscalls.o
LOAD Src/sysmem.o
LOAD Startup/startup_stm32f407vgtx.o
START GROUP
LOAD /opt/st/stm32cubeide_1.2.0/plugins/com.st.stm32cube.ide.mcu.externaltools.gnu-tools-for-stm32.7-2018-q2-update.linux64_1.0.0.201904181610/tools/bin/../lib/gcc/arm-none-eabi/7.3.1/../../../../arm-none-eabi/lib/thumb/v7e-m/fpv4-sp/hard/libc_nano.a
LOAD /opt/st/stm32cubeide_1.2.0/plugins/com.st.stm32cube.ide.mcu.externaltools.gnu-tools-for-stm32.7-2018-q2-update.linux64_1.0.0.201904181610/tools/bin/../lib/gcc/arm-none-eabi/7.3.1/../../../../arm-none-eabi/lib/thumb/v7e-m/fpv4-sp/hard/libm.a
END GROUP
START GROUP
LOAD /opt/st/stm32cubeide_1.2.0/plugins/com.st.stm32cube.ide.mcu.externaltools.gnu-tools-for-stm32.7-2018-q2-update.linux64_1.0.0.201904181610/tools/bin/../lib/gcc/arm-none-eabi/7.3.1/thumb/v7e-m/fpv4-sp/hard/libgcc.a
LOAD /opt/st/stm32cubeide_1.2.0/plugins/com.st.stm32cube.ide.mcu.externaltools.gnu-tools-for-stm32.7-2018-q2-update.linux64_1.0.0.201904181610/tools/bin/../lib/gcc/arm-none-eabi/7.3.1/../../../../arm-none-eabi/lib/thumb/v7e-m/fpv4-sp/hard/libc_nano.a
END GROUP
START GROUP
LOAD /opt/st/stm32cubeide_1.2.0/plugins/com.st.stm32cube.ide.mcu.externaltools.gnu-tools-for-stm32.7-2018-q2-update.linux64_1.0.0.201904181610/tools/bin/../lib/gcc/arm-none-eabi/7.3.1/thumb/v7e-m/fpv4-sp/hard/libgcc.a
LOAD /opt/st/stm32cubeide_1.2.0/plugins/com.st.stm32cube.ide.mcu.externaltools.gnu-tools-for-stm32.7-2018-q2-update.linux64_1.0.0.201904181610/tools/bin/../lib/gcc/arm-none-eabi/7.3.1/../../../../arm-none-eabi/lib/thumb/v7e-m/fpv4-sp/hard/libc_nano.a
LOAD /opt/st/stm32cubeide_1.2.0/plugins/com.st.stm32cube.ide.mcu.externaltools.gnu-tools-for-stm32.7-2018-q2-update.linux64_1.0.0.201904181610/tools/bin/../lib/gcc/arm-none-eabi/7.3.1/../../../../arm-none-eabi/lib/thumb/v7e-m/fpv4-sp/hard/libnosys.a
END GROUP
START GROUP
LOAD /opt/st/stm32cubeide_1.2.0/plugins/com.st.stm32cube.ide.mcu.externaltools.gnu-tools-for-stm32.7-2018-q2-update.linux64_1.0.0.201904181610/tools/bin/../lib/gcc/arm-none-eabi/7.3.1/thumb/v7e-m/fpv4-sp/hard/libgcc.a
LOAD /opt/st/stm32cubeide_1.2.0/plugins/com.st.stm32cube.ide.mcu.externaltools.gnu-tools-for-stm32.7-2018-q2-update.linux64_1.0.0.201904181610/tools/bin/../lib/gcc/arm-none-eabi/7.3.1/../../../../arm-none-eabi/lib/thumb/v7e-m/fpv4-sp/hard/libc_nano.a
LOAD /opt/st/stm32cubeide_1.2.0/plugins/com.st.stm32cube.ide.mcu.externaltools.gnu-tools-for-stm32.7-2018-q2-update.linux64_1.0.0.201904181610/tools/bin/../lib/gcc/arm-none-eabi/7.3.1/../../../../arm-none-eabi/lib/thumb/v7e-m/fpv4-sp/hard/libnosys.a
END GROUP
LOAD /opt/st/stm32cubeide_1.2.0/plugins/com.st.stm32cube.ide.mcu.externaltools.gnu-tools-for-stm32.7-2018-q2-update.linux64_1.0.0.201904181610/tools/bin/../lib/gcc/arm-none-eabi/7.3.1/thumb/v7e-m/fpv4-sp/hard/crtend.o
LOAD /opt/st/stm32cubeide_1.2.0/plugins/com.st.stm32cube.ide.mcu.externaltools.gnu-tools-for-stm32.7-2018-q2-update.linux64_1.0.0.201904181610/tools/bin/../lib/gcc/arm-none-eabi/7.3.1/thumb/v7e-m/fpv4-sp/hard/crtn.o
                0x0000000020020000                _estack = (ORIGIN (RAM) + LENGTH (RAM))
                0x0000000000000200                _Min_Heap_Size = 0x200
                0x0000000000000400                _Min_Stack_Size = 0x400

.isr_vector     0x0000000008000000      0x1a8
                0x0000000008000000                . = ALIGN (0x4)
 *(.isr_vector)
 .isr_vector    0x0000000008000000      0x1a8 Startup/startup_stm32f407vgtx.o
                0x0000000008000000                g_pfnVectors
                0x00000000080001a8                . = ALIGN (0x4)

.text           0x00000000080001b0     0x10dc
                0x00000000080001b0                . = ALIGN (0x4)
 *(.text)
 .text          0x00000000080001b0       0x40 /opt/st/stm32cubeide_1.2.0/plugins/com.st.stm32cube.ide.mcu.externaltools.gnu-tools-for-stm32.7-2018-q2-update.linux64_1.0.0.201904181610/tools/bin/../lib/gcc/arm-none-eabi/7.3.1/thumb/v7e-m/fpv4-sp/hard/crtbegin.o
 .text          0x00000000080001f0       0xa0 /opt/st/stm32cubeide_1.2.0/plugins/com.st.stm32cube.ide.mcu.externaltools.gnu-tools-for-stm32.7-2018-q2-update.linux64_1.0.0.201904181610/tools/bin/../lib/gcc/arm-none-eabi/7.3.1/../../../../arm-none-eabi/lib/thumb/v7e-m/fpv4-sp/hard/libc_nano.a(lib_a-memchr.o)
                0x00000000080001f0                memchr
 *(.text*)
 .text.main     0x0000000008000290       0x30 Src/main.o
                0x0000000008000290                main
 .text._read    0x00000000080002c0       0x3a Src/syscalls.o
                0x00000000080002c0                _read
 .text._write   0x00000000080002fa       0x38 Src/syscalls.o
                0x00000000080002fa                _write
 .text._close   0x0000000008000332       0x18 Src/syscalls.o
                0x0000000008000332                _close
 .text._fstat   0x000000000800034a       0x20 Src/syscalls.o
                0x000000000800034a                _fstat
 .text._isatty  0x000000000800036a       0x16 Src/syscalls.o
                0x000000000800036a                _isatty
 .text._lseek   0x0000000008000380       0x1a Src/syscalls.o
                0x0000000008000380                _lseek
 *fill*         0x000000000800039a        0x2 
 .text._sbrk    0x000000000800039c       0x58 Src/sysmem.o
                0x000000000800039c                _sbrk
 .text.Reset_Handler
                0x00000000080003f4       0x50 Startup/startup_stm32f407vgtx.o
                0x00000000080003f4                Reset_Handler
 .text.Default_Handler
                0x0000000008000444        0x2 Startup/startup_stm32f407vgtx.o
                0x0000000008000444                RTC_Alarm_IRQHandler
                0x0000000008000444                HASH_RNG_IRQHandler
                0x0000000008000444                EXTI2_IRQHandler
                0x0000000008000444                TIM8_CC_IRQHandler
                0x0000000008000444                DebugMon_Handler
                0x0000000008000444                TIM1_CC_IRQHandler
                0x0000000008000444                DMA2_Stream5_IRQHandler
                0x0000000008000444                HardFault_Handler
                0x0000000008000444                DMA1_Stream5_IRQHandler
                0x0000000008000444                SysTick_Handler
                0x0000000008000444                PVD_IRQHandler
                0x0000000008000444                SDIO_IRQHandler
                0x0000000008000444                TAMP_STAMP_IRQHandler
                0x0000000008000444                PendSV_Handler
                0x0000000008000444                NMI_Handler
                0x0000000008000444                CAN2_RX1_IRQHandler
                0x0000000008000444                EXTI3_IRQHandler
                0x0000000008000444                TIM8_TRG_COM_TIM14_IRQHandler
                0x0000000008000444                TIM1_UP_TIM10_IRQHandler
                0x0000000008000444                TIM8_UP_TIM13_IRQHandler
                0x0000000008000444                I2C3_ER_IRQHandler
                0x0000000008000444                LCD_TFT_IRQHandler
                0x0000000008000444                EXTI0_IRQHandler
                0x0000000008000444                I2C2_EV_IRQHandler
                0x0000000008000444                DMA1_Stream2_IRQHandler
                0x0000000008000444                CAN1_RX0_IRQHandler
                0x0000000008000444                FPU_IRQHandler
                0x0000000008000444                OTG_HS_WKUP_IRQHandler
                0x0000000008000444                UsageFault_Handler
                0x0000000008000444                CAN2_SCE_IRQHandler
                0x0000000008000444                DMA2_Stream2_IRQHandler
                0x0000000008000444                SPI1_IRQHandler
                0x0000000008000444                TIM6_DAC_IRQHandler
                0x0000000008000444                TIM1_BRK_TIM9_IRQHandler
                0x0000000008000444                DCMI_IRQHandler
                0x0000000008000444                CAN2_RX0_IRQHandler
                0x0000000008000444                DMA2_Stream3_IRQHandler
                0x0000000008000444                USART6_IRQHandler
                0x0000000008000444                USART3_IRQHandler
                0x0000000008000444                CRYP_IRQHandler
                0x0000000008000444                CAN1_RX1_IRQHandler
                0x0000000008000444                UART5_IRQHandler
                0x0000000008000444                DMA2_Stream0_IRQHandler
                0x0000000008000444                TIM4_IRQHandler
                0x0000000008000444                I2C1_EV_IRQHandler
                0x0000000008000444                DMA1_Stream6_IRQHandler
                0x0000000008000444                DMA1_Stream1_IRQHandler
                0x0000000008000444                UART4_IRQHandler
                0x0000000008000444                LCD_TFT_1_IRQHandler
                0x0000000008000444                TIM3_IRQHandler
                0x0000000008000444                RCC_IRQHandler
                0x0000000008000444                TIM8_BRK_TIM12_IRQHandler
                0x0000000008000444                Default_Handler
                0x0000000008000444                EXTI15_10_IRQHandler
                0x0000000008000444                ADC_IRQHandler
                0x0000000008000444                DMA1_Stream7_IRQHandler
                0x0000000008000444                TIM7_IRQHandler
                0x0000000008000444                CAN2_TX_IRQHandler
                0x0000000008000444                TIM5_IRQHandler
                0x0000000008000444                DMA2_Stream7_IRQHandler
                0x0000000008000444                I2C3_EV_IRQHandler
                0x0000000008000444                EXTI9_5_IRQHandler
                0x0000000008000444                RTC_WKUP_IRQHandler
                0x0000000008000444                ETH_WKUP_IRQHandler
                0x0000000008000444                SPI2_IRQHandler
                0x0000000008000444                OTG_HS_EP1_IN_IRQHandler
                0x0000000008000444                MemManage_Handler
                0x0000000008000444                DMA1_Stream0_IRQHandler
                0x0000000008000444                CAN1_TX_IRQHandler
                0x0000000008000444                SVC_Handler
                0x0000000008000444                EXTI4_IRQHandler
                0x0000000008000444                FSMC_IRQHandler
                0x0000000008000444                ETH_IRQHandler
                0x0000000008000444                OTG_HS_EP1_OUT_IRQHandler
                0x0000000008000444                WWDG_IRQHandler
                0x0000000008000444                TIM2_IRQHandler
                0x0000000008000444                OTG_FS_WKUP_IRQHandler
                0x0000000008000444                TIM1_TRG_COM_TIM11_IRQHandler
                0x0000000008000444                OTG_HS_IRQHandler
                0x0000000008000444                EXTI1_IRQHandler
                0x0000000008000444                USART2_IRQHandler
                0x0000000008000444                I2C2_ER_IRQHandler
                0x0000000008000444                DMA2_Stream1_IRQHandler
                0x0000000008000444                CAN1_SCE_IRQHandler
                0x0000000008000444                DMA2_Stream4_IRQHandler
                0x0000000008000444                BusFault_Handler
                0x0000000008000444                USART1_IRQHandler
                0x0000000008000444                OTG_FS_IRQHandler
                0x0000000008000444                SPI3_IRQHandler
                0x0000000008000444                DMA1_Stream4_IRQHandler
                0x0000000008000444                I2C1_ER_IRQHandler
                0x0000000008000444                DMA2_Stream6_IRQHandler
                0x0000000008000444                DMA1_Stream3_IRQHandler
 *fill*         0x0000000008000446        0x2 
 .text.__errno  0x0000000008000448        0xc /opt/st/stm32cubeide_1.2.0/plugins/com.st.stm32cube.ide.mcu.externaltools.gnu-tools-for-stm32.7-2018-q2-update.linux64_1.0.0.201904181610/tools/bin/../lib/gcc/arm-none-eabi/7.3.1/../../../../arm-none-eabi/lib/thumb/v7e-m/fpv4-sp/hard/libc_nano.a(lib_a-errno.o)
                0x0000000008000448                __errno
 .text.__libc_init_array
                0x0000000008000454       0x48 /opt/st/stm32cubeide_1.2.0/plugins/com.st.stm32cube.ide.mcu.externaltools.gnu-tools-for-stm32.7-2018-q2-update.linux64_1.0.0.201904181610/tools/bin/../lib/gcc/arm-none-eabi/7.3.1/../../../../arm-none-eabi/lib/thumb/v7e-m/fpv4-sp/hard/libc_nano.a(lib_a-init.o)
                0x0000000008000454                __libc_init_array
 .text.memset   0x000000000800049c       0x10 /opt/st/stm32cubeide_1.2.0/plugins/com.st.stm32cube.ide.mcu.externaltools.gnu-tools-for-stm32.7-2018-q2-update.linux64_1.0.0.201904181610/tools/bin/../lib/gcc/arm-none-eabi/7.3.1/../../../../arm-none-eabi/lib/thumb/v7e-m/fpv4-sp/hard/libc_nano.a(lib_a-memset.o)
                0x000000000800049c                memset
 .text.printf   0x00000000080004ac       0x30 /opt/st/stm32cubeide_1.2.0/plugins/com.st.stm32cube.ide.mcu.externaltools.gnu-tools-for-stm32.7-2018-q2-update.linux64_1.0.0.201904181610/tools/bin/../lib/gcc/arm-none-eabi/7.3.1/../../../../arm-none-eabi/lib/thumb/v7e-m/fpv4-sp/hard/libc_nano.a(lib_a-printf.o)
                0x00000000080004ac                printf
                0x00000000080004ac                iprintf
 .text.std      0x00000000080004dc       0x48 /opt/st/stm32cubeide_1.2.0/plugins/com.st.stm32cube.ide.mcu.externaltools.gnu-tools-for-stm32.7-2018-q2-update.linux64_1.0.0.201904181610/tools/bin/../lib/gcc/arm-none-eabi/7.3.1/../../../../arm-none-eabi/lib/thumb/v7e-m/fpv4-sp/hard/libc_nano.a(lib_a-findfp.o)
 .text._cleanup_r
                0x0000000008000524        0xc /opt/st/stm32cubeide_1.2.0/plugins/com.st.stm32cube.ide.mcu.externaltools.gnu-tools-for-stm32.7-2018-q2-update.linux64_1.0.0.201904181610/tools/bin/../lib/gcc/arm-none-eabi/7.3.1/../../../../arm-none-eabi/lib/thumb/v7e-m/fpv4-sp/hard/libc_nano.a(lib_a-findfp.o)
                0x0000000008000524                _cleanup_r
 .text.__sfmoreglue
                0x0000000008000530       0x2c /opt/st/stm32cubeide_1.2.0/plugins/com.st.stm32cube.ide.mcu.externaltools.gnu-tools-for-stm32.7-2018-q2-update.linux64_1.0.0.201904181610/tools/bin/../lib/gcc/arm-none-eabi/7.3.1/../../../../arm-none-eabi/lib/thumb/v7e-m/fpv4-sp/hard/libc_nano.a(lib_a-findfp.o)
                0x0000000008000530                __sfmoreglue
 .text.__sinit  0x000000000800055c       0x60 /opt/st/stm32cubeide_1.2.0/plugins/com.st.stm32cube.ide.mcu.externaltools.gnu-tools-for-stm32.7-2018-q2-update.linux64_1.0.0.201904181610/tools/bin/../lib/gcc/arm-none-eabi/7.3.1/../../../../arm-none-eabi/lib/thumb/v7e-m/fpv4-sp/hard/libc_nano.a(lib_a-findfp.o)
                0x000000000800055c                __sinit
 .text.__sfp    0x00000000080005bc       0x78 /opt/st/stm32cubeide_1.2.0/plugins/com.st.stm32cube.ide.mcu.externaltools.gnu-tools-for-stm32.7-2018-q2-update.linux64_1.0.0.201904181610/tools/bin/../lib/gcc/arm-none-eabi/7.3.1/../../../../arm-none-eabi/lib/thumb/v7e-m/fpv4-sp/hard/libc_nano.a(lib_a-findfp.o)
                0x00000000080005bc                __sfp
 .text._fwalk_reent
                0x0000000008000634       0x3c /opt/st/stm32cubeide_1.2.0/plugins/com.st.stm32cube.ide.mcu.externaltools.gnu-tools-for-stm32.7-2018-q2-update.linux64_1.0.0.201904181610/tools/bin/../lib/gcc/arm-none-eabi/7.3.1/../../../../arm-none-eabi/lib/thumb/v7e-m/fpv4-sp/hard/libc_nano.a(lib_a-fwalk.o)
                0x0000000008000634                _fwalk_reent
 .text._malloc_r
                0x0000000008000670       0xb4 /opt/st/stm32cubeide_1.2.0/plugins/com.st.stm32cube.ide.mcu.externaltools.gnu-tools-for-stm32.7-2018-q2-update.linux64_1.0.0.201904181610/tools/bin/../lib/gcc/arm-none-eabi/7.3.1/../../../../arm-none-eabi/lib/thumb/v7e-m/fpv4-sp/hard/libc_nano.a(lib_a-nano-mallocr.o)
                0x0000000008000670                _malloc_r
 .text.__sfputc_r
                0x0000000008000724       0x2e /opt/st/stm32cubeide_1.2.0/plugins/com.st.stm32cube.ide.mcu.externaltools.gnu-tools-for-stm32.7-2018-q2-update.linux64_1.0.0.201904181610/tools/bin/../lib/gcc/arm-none-eabi/7.3.1/../../../../arm-none-eabi/lib/thumb/v7e-m/fpv4-sp/hard/libc_nano.a(lib_a-nano-vfprintf.o)
 .text.__sfputs_r
                0x0000000008000752       0x24 /opt/st/stm32cubeide_1.2.0/plugins/com.st.stm32cube.ide.mcu.externaltools.gnu-tools-for-stm32.7-2018-q2-update.linux64_1.0.0.201904181610/tools/bin/../lib/gcc/arm-none-eabi/7.3.1/../../../../arm-none-eabi/lib/thumb/v7e-m/fpv4-sp/hard/libc_nano.a(lib_a-nano-vfprintf.o)
                0x0000000008000752                __sfputs_r
 *fill*         0x0000000008000776        0x2 
 .text._vfprintf_r
                0x0000000008000778      0x22c /opt/st/stm32cubeide_1.2.0/plugins/com.st.stm32cube.ide.mcu.externaltools.gnu-tools-for-stm32.7-2018-q2-update.linux64_1.0.0.201904181610/tools/bin/../lib/gcc/arm-none-eabi/7.3.1/../../../../arm-none-eabi/lib/thumb/v7e-m/fpv4-sp/hard/libc_nano.a(lib_a-nano-vfprintf.o)
                0x0000000008000778                _vfiprintf_r
                0x0000000008000778                _vfprintf_r
 .text._printf_common
                0x00000000080009a4       0xea /opt/st/stm32cubeide_1.2.0/plugins/com.st.stm32cube.ide.mcu.externaltools.gnu-tools-for-stm32.7-2018-q2-update.linux64_1.0.0.201904181610/tools/bin/../lib/gcc/arm-none-eabi/7.3.1/../../../../arm-none-eabi/lib/thumb/v7e-m/fpv4-sp/hard/libc_nano.a(lib_a-nano-vfprintf_i.o)
                0x00000000080009a4                _printf_common
 *fill*         0x0000000008000a8e        0x2 
 .text._printf_i
                0x0000000008000a90      0x224 /opt/st/stm32cubeide_1.2.0/plugins/com.st.stm32cube.ide.mcu.externaltools.gnu-tools-for-stm32.7-2018-q2-update.linux64_1.0.0.201904181610/tools/bin/../lib/gcc/arm-none-eabi/7.3.1/../../../../arm-none-eabi/lib/thumb/v7e-m/fpv4-sp/hard/libc_nano.a(lib_a-nano-vfprintf_i.o)
                0x0000000008000a90                _printf_i
 .text._sbrk_r  0x0000000008000cb4       0x20 /opt/st/stm32cubeide_1.2.0/plugins/com.st.stm32cube.ide.mcu.externaltools.gnu-tools-for-stm32.7-2018-q2-update.linux64_1.0.0.201904181610/tools/bin/../lib/gcc/arm-none-eabi/7.3.1/../../../../arm-none-eabi/lib/thumb/v7e-m/fpv4-sp/hard/libc_nano.a(lib_a-sbrkr.o)
                0x0000000008000cb4                _sbrk_r
 .text.__sread  0x0000000008000cd4       0x22 /opt/st/stm32cubeide_1.2.0/plugins/com.st.stm32cube.ide.mcu.externaltools.gnu-tools-for-stm32.7-2018-q2-update.linux64_1.0.0.201904181610/tools/bin/../lib/gcc/arm-none-eabi/7.3.1/../../../../arm-none-eabi/lib/thumb/v7e-m/fpv4-sp/hard/libc_nano.a(lib_a-stdio.o)
                0x0000000008000cd4                __sread
 .text.__swrite
                0x0000000008000cf6       0x38 /opt/st/stm32cubeide_1.2.0/plugins/com.st.stm32cube.ide.mcu.externaltools.gnu-tools-for-stm32.7-2018-q2-update.linux64_1.0.0.201904181610/tools/bin/../lib/gcc/arm-none-eabi/7.3.1/../../../../arm-none-eabi/lib/thumb/v7e-m/fpv4-sp/hard/libc_nano.a(lib_a-stdio.o)
                0x0000000008000cf6                __swrite
 .text.__sseek  0x0000000008000d2e       0x24 /opt/st/stm32cubeide_1.2.0/plugins/com.st.stm32cube.ide.mcu.externaltools.gnu-tools-for-stm32.7-2018-q2-update.linux64_1.0.0.201904181610/tools/bin/../lib/gcc/arm-none-eabi/7.3.1/../../../../arm-none-eabi/lib/thumb/v7e-m/fpv4-sp/hard/libc_nano.a(lib_a-stdio.o)
                0x0000000008000d2e                __sseek
 .text.__sclose
                0x0000000008000d52        0x8 /opt/st/stm32cubeide_1.2.0/plugins/com.st.stm32cube.ide.mcu.externaltools.gnu-tools-for-stm32.7-2018-q2-update.linux64_1.0.0.201904181610/tools/bin/../lib/gcc/arm-none-eabi/7.3.1/../../../../arm-none-eabi/lib/thumb/v7e-m/fpv4-sp/hard/libc_nano.a(lib_a-stdio.o)
                0x0000000008000d52                __sclose
 *fill*         0x0000000008000d5a        0x2 
 .text.__swbuf_r
                0x0000000008000d5c       0xa4 /opt/st/stm32cubeide_1.2.0/plugins/com.st.stm32cube.ide.mcu.externaltools.gnu-tools-for-stm32.7-2018-q2-update.linux64_1.0.0.201904181610/tools/bin/../lib/gcc/arm-none-eabi/7.3.1/../../../../arm-none-eabi/lib/thumb/v7e-m/fpv4-sp/hard/libc_nano.a(lib_a-wbuf.o)
                0x0000000008000d5c                __swbuf_r
 .text._write_r
                0x0000000008000e00       0x24 /opt/st/stm32cubeide_1.2.0/plugins/com.st.stm32cube.ide.mcu.externaltools.gnu-tools-for-stm32.7-2018-q2-update.linux64_1.0.0.201904181610/tools/bin/../lib/gcc/arm-none-eabi/7.3.1/../../../../arm-none-eabi/lib/thumb/v7e-m/fpv4-sp/hard/libc_nano.a(lib_a-writer.o)
                0x0000000008000e00                _write_r
 .text.__swsetup_r
                0x0000000008000e24       0xdc /opt/st/stm32cubeide_1.2.0/plugins/com.st.stm32cube.ide.mcu.externaltools.gnu-tools-for-stm32.7-2018-q2-update.linux64_1.0.0.201904181610/tools/bin/../lib/gcc/arm-none-eabi/7.3.1/../../../../arm-none-eabi/lib/thumb/v7e-m/fpv4-sp/hard/libc_nano.a(lib_a-wsetup.o)
                0x0000000008000e24                __swsetup_r
 .text._close_r
                0x0000000008000f00       0x20 /opt/st/stm32cubeide_1.2.0/plugins/com.st.stm32cube.ide.mcu.externaltools.gnu-tools-for-stm32.7-2018-q2-update.linux64_1.0.0.201904181610/tools/bin/../lib/gcc/arm-none-eabi/7.3.1/../../../../arm-none-eabi/lib/thumb/v7e-m/fpv4-sp/hard/libc_nano.a(lib_a-closer.o)
                0x0000000008000f00                _close_r
 .text.__sflush_r
                0x0000000008000f20      0x10c /opt/st/stm32cubeide_1.2.0/plugins/com.st.stm32cube.ide.mcu.externaltools.gnu-tools-for-stm32.7-2018-q2-update.linux64_1.0.0.201904181610/tools/bin/../lib/gcc/arm-none-eabi/7.3.1/../../../../arm-none-eabi/lib/thumb/v7e-m/fpv4-sp/hard/libc_nano.a(lib_a-fflush.o)
                0x0000000008000f20                __sflush_r
 .text._fflush_r
                0x000000000800102c       0x54 /opt/st/stm32cubeide_1.2.0/plugins/com.st.stm32cube.ide.mcu.externaltools.gnu-tools-for-stm32.7-2018-q2-update.linux64_1.0.0.201904181610/tools/bin/../lib/gcc/arm-none-eabi/7.3.1/../../../../arm-none-eabi/lib/thumb/v7e-m/fpv4-sp/hard/libc_nano.a(lib_a-fflush.o)
                0x000000000800102c                _fflush_r
 .text._lseek_r
                0x0000000008001080       0x24 /opt/st/stm32cubeide_1.2.0/plugins/com.st.stm32cube.ide.mcu.externaltools.gnu-tools-for-stm32.7-2018-q2-update.linux64_1.0.0.201904181610/tools/bin/../lib/gcc/arm-none-eabi/7.3.1/../../../../arm-none-eabi/lib/thumb/v7e-m/fpv4-sp/hard/libc_nano.a(lib_a-lseekr.o)
                0x0000000008001080                _lseek_r
 .text.__swhatbuf_r
                0x00000000080010a4       0x48 /opt/st/stm32cubeide_1.2.0/plugins/com.st.stm32cube.ide.mcu.externaltools.gnu-tools-for-stm32.7-2018-q2-update.linux64_1.0.0.201904181610/tools/bin/../lib/gcc/arm-none-eabi/7.3.1/../../../../arm-none-eabi/lib/thumb/v7e-m/fpv4-sp/hard/libc_nano.a(lib_a-makebuf.o)
                0x00000000080010a4                __swhatbuf_r
 .text.__smakebuf_r
                0x00000000080010ec       0x80 /opt/st/stm32cubeide_1.2.0/plugins/com.st.stm32cube.ide.mcu.externaltools.gnu-tools-for-stm32.7-2018-q2-update.linux64_1.0.0.201904181610/tools/bin/../lib/gcc/arm-none-eabi/7.3.1/../../../../arm-none-eabi/lib/thumb/v7e-m/fpv4-sp/hard/libc_nano.a(lib_a-makebuf.o)
                0x00000000080010ec                __smakebuf_r
 .text.__malloc_lock
                0x000000000800116c        0x2 /opt/st/stm32cubeide_1.2.0/plugins/com.st.stm32cube.ide.mcu.externaltools.gnu-tools-for-stm32.7-2018-q2-update.linux64_1.0.0.201904181610/tools/bin/../lib/gcc/arm-none-eabi/7.3.1/../../../../arm-none-eabi/lib/thumb/v7e-m/fpv4-sp/hard/libc_nano.a(lib_a-mlock.o)
                0x000000000800116c                __malloc_lock
 .text.__malloc_unlock
                0x000000000800116e        0x2 /opt/st/stm32cubeide_1.2.0/plugins/com.st.stm32cube.ide.mcu.externaltools.gnu-tools-for-stm32.7-2018-q2-update.linux64_1.0.0.201904181610/tools/bin/../lib/gcc/arm-none-eabi/7.3.1/../../../../arm-none-eabi/lib/thumb/v7e-m/fpv4-sp/hard/libc_nano.a(lib_a-mlock.o)
                0x000000000800116e                __malloc_unlock
 .text._free_r  0x0000000008001170       0x9c /opt/st/stm32cubeide_1.2.0/plugins/com.st.stm32cube.ide.mcu.externaltools.gnu-tools-for-stm32.7-2018-q2-update.linux64_1.0.0.201904181610/tools/bin/../lib/gcc/arm-none-eabi/7.3.1/../../../../arm-none-eabi/lib/thumb/v7e-m/fpv4-sp/hard/libc_nano.a(lib_a-nano-freer.o)
                0x0000000008001170                _free_r
 .text._read_r  0x000000000800120c       0x24 /opt/st/stm32cubeide_1.2.0/plugins/com.st.stm32cube.ide.mcu.externaltools.gnu-tools-for-stm32.7-2018-q2-update.linux64_1.0.0.201904181610/tools/bin/../lib/gcc/arm-none-eabi/7.3.1/../../../../arm-none-eabi/lib/thumb/v7e-m/fpv4-sp/hard/libc_nano.a(lib_a-readr.o)
                0x000000000800120c                _read_r
 .text._fstat_r
                0x0000000008001230       0x24 /opt/st/stm32cubeide_1.2.0/plugins/com.st.stm32cube.ide.mcu.externaltools.gnu-tools-for-stm32.7-2018-q2-update.linux64_1.0.0.201904181610/tools/bin/../lib/gcc/arm-none-eabi/7.3.1/../../../../arm-none-eabi/lib/thumb/v7e-m/fpv4-sp/hard/libc_nano.a(lib_a-fstatr.o)
                0x0000000008001230                _fstat_r
 .text._isatty_r
                0x0000000008001254       0x20 /opt/st/stm32cubeide_1.2.0/plugins/com.st.stm32cube.ide.mcu.externaltools.gnu-tools-for-stm32.7-2018-q2-update.linux64_1.0.0.201904181610/tools/bin/../lib/gcc/arm-none-eabi/7.3.1/../../../../arm-none-eabi/lib/thumb/v7e-m/fpv4-sp/hard/libc_nano.a(lib_a-isattyr.o)
                0x0000000008001254                _isatty_r
 *(.glue_7)
 .glue_7        0x0000000008001274        0x0 linker stubs
 *(.glue_7t)
 .glue_7t       0x0000000008001274        0x0 linker stubs
 *(.eh_frame)
 .eh_frame      0x0000000008001274        0x0 /opt/st/stm32cubeide_1.2.0/plugins/com.st.stm32cube.ide.mcu.externaltools.gnu-tools-for-stm32.7-2018-q2-update.linux64_1.0.0.201904181610/tools/bin/../lib/gcc/arm-none-eabi/7.3.1/thumb/v7e-m/fpv4-sp/hard/crtbegin.o
 *(.init)
 .init          0x0000000008001274        0x4 /opt/st/stm32cubeide_1.2.0/plugins/com.st.stm32cube.ide.mcu.externaltools.gnu-tools-for-stm32.7-2018-q2-update.linux64_1.0.0.201904181610/tools/bin/../lib/gcc/arm-none-eabi/7.3.1/thumb/v7e-m/fpv4-sp/hard/crti.o
                0x0000000008001274                _init
 .init          0x0000000008001278        0x8 /opt/st/stm32cubeide_1.2.0/plugins/com.st.stm32cube.ide.mcu.externaltools.gnu-tools-for-stm32.7-2018-q2-update.linux64_1.0.0.201904181610/tools/bin/../lib/gcc/arm-none-eabi/7.3.1/thumb/v7e-m/fpv4-sp/hard/crtn.o
 *(.fini)
 .fini          0x0000000008001280        0x4 /opt/st/stm32cubeide_1.2.0/plugins/com.st.stm32cube.ide.mcu.externaltools.gnu-tools-for-stm32.7-2018-q2-update.linux64_1.0.0.201904181610/tools/bin/../lib/gcc/arm-none-eabi/7.3.1/thumb/v7e-m/fpv4-sp/hard/crti.o
                0x0000000008001280                _fini
 .fini          0x0000000008001284        0x8 /opt/st/stm32cubeide_1.2.0/plugins/com.st.stm32cube.ide.mcu.externaltools.gnu-tools-for-stm32.7-2018-q2-update.linux64_1.0.0.201904181610/tools/bin/../lib/gcc/arm-none-eabi/7.3.1/thumb/v7e-m/fpv4-sp/hard/crtn.o
                0x000000000800128c                . = ALIGN (0x4)
                0x000000000800128c                _etext = .

.vfp11_veneer   0x000000000800128c        0x0
 .vfp11_veneer  0x000000000800128c        0x0 linker stubs

.v4_bx          0x000000000800128c        0x0
 .v4_bx         0x000000000800128c        0x0 linker stubs

.iplt           0x000000000800128c        0x0
 .iplt          0x000000000800128c        0x0 /opt/st/stm32cubeide_1.2.0/plugins/com.st.stm32cube.ide.mcu.externaltools.gnu-tools-for-stm32.7-2018-q2-update.linux64_1.0.0.201904181610/tools/bin/../lib/gcc/arm-none-eabi/7.3.1/thumb/v7e-m/fpv4-sp/hard/crtbegin.o

.rodata         0x000000000800128c       0xa8
                0x000000000800128c                . = ALIGN (0x4)
 *(.rodata)
 .rodata        0x000000000800128c        0xd Src/main.o
 *(.rodata*)
 *fill*         0x0000000008001299        0x3 
 .rodata._global_impure_ptr
                0x000000000800129c        0x4 /opt/st/stm32cubeide_1.2.0/plugins/com.st.stm32cube.ide.mcu.externaltools.gnu-tools-for-stm32.7-2018-q2-update.linux64_1.0.0.201904181610/tools/bin/../lib/gcc/arm-none-eabi/7.3.1/../../../../arm-none-eabi/lib/thumb/v7e-m/fpv4-sp/hard/libc_nano.a(lib_a-impure.o)
                0x000000000800129c                _global_impure_ptr
 .rodata.__sf_fake_stderr
                0x00000000080012a0       0x20 /opt/st/stm32cubeide_1.2.0/plugins/com.st.stm32cube.ide.mcu.externaltools.gnu-tools-for-stm32.7-2018-q2-update.linux64_1.0.0.201904181610/tools/bin/../lib/gcc/arm-none-eabi/7.3.1/../../../../arm-none-eabi/lib/thumb/v7e-m/fpv4-sp/hard/libc_nano.a(lib_a-findfp.o)
                0x00000000080012a0                __sf_fake_stderr
 .rodata.__sf_fake_stdin
                0x00000000080012c0       0x20 /opt/st/stm32cubeide_1.2.0/plugins/com.st.stm32cube.ide.mcu.externaltools.gnu-tools-for-stm32.7-2018-q2-update.linux64_1.0.0.201904181610/tools/bin/../lib/gcc/arm-none-eabi/7.3.1/../../../../arm-none-eabi/lib/thumb/v7e-m/fpv4-sp/hard/libc_nano.a(lib_a-findfp.o)
                0x00000000080012c0                __sf_fake_stdin
 .rodata.__sf_fake_stdout
                0x00000000080012e0       0x20 /opt/st/stm32cubeide_1.2.0/plugins/com.st.stm32cube.ide.mcu.externaltools.gnu-tools-for-stm32.7-2018-q2-update.linux64_1.0.0.201904181610/tools/bin/../lib/gcc/arm-none-eabi/7.3.1/../../../../arm-none-eabi/lib/thumb/v7e-m/fpv4-sp/hard/libc_nano.a(lib_a-findfp.o)
                0x00000000080012e0                __sf_fake_stdout
 .rodata._vfprintf_r.str1.1
                0x0000000008001300       0x11 /opt/st/stm32cubeide_1.2.0/plugins/com.st.stm32cube.ide.mcu.externaltools.gnu-tools-for-stm32.7-2018-q2-update.linux64_1.0.0.201904181610/tools/bin/../lib/gcc/arm-none-eabi/7.3.1/../../../../arm-none-eabi/lib/thumb/v7e-m/fpv4-sp/hard/libc_nano.a(lib_a-nano-vfprintf.o)
 .rodata._printf_i.str1.1
                0x0000000008001311       0x22 /opt/st/stm32cubeide_1.2.0/plugins/com.st.stm32cube.ide.mcu.externaltools.gnu-tools-for-stm32.7-2018-q2-update.linux64_1.0.0.201904181610/tools/bin/../lib/gcc/arm-none-eabi/7.3.1/../../../../arm-none-eabi/lib/thumb/v7e-m/fpv4-sp/hard/libc_nano.a(lib_a-nano-vfprintf_i.o)
                0x0000000008001334                . = ALIGN (0x4)
 *fill*         0x0000000008001333        0x1 

.rel.dyn        0x0000000008001334        0x0
 .rel.iplt      0x0000000008001334        0x0 /opt/st/stm32cubeide_1.2.0/plugins/com.st.stm32cube.ide.mcu.externaltools.gnu-tools-for-stm32.7-2018-q2-update.linux64_1.0.0.201904181610/tools/bin/../lib/gcc/arm-none-eabi/7.3.1/thumb/v7e-m/fpv4-sp/hard/crtbegin.o

.ARM.extab      0x0000000008001334        0x0
                0x0000000008001334                . = ALIGN (0x4)
 *(.ARM.extab* .gnu.linkonce.armextab.*)
                0x0000000008001334                . = ALIGN (0x4)

.ARM            0x0000000008001334        0x0
                0x0000000008001334                . = ALIGN (0x4)
                0x0000000008001334                __exidx_start = .
 *(.ARM.exidx*)
                0x0000000008001334                __exidx_end = .
                0x0000000008001334                . = ALIGN (0x4)

.preinit_array  0x0000000008001334        0x0
                0x0000000008001334                . = ALIGN (0x4)
                0x0000000008001334                PROVIDE (__preinit_array_start = .)
 *(.preinit_array*)
                0x0000000008001334                PROVIDE (__preinit_array_end = .)
                0x0000000008001334                . = ALIGN (0x4)

.init_array     0x0000000008001334        0x4
                0x0000000008001334                . = ALIGN (0x4)
                0x0000000008001334                PROVIDE (__init_array_start = .)
 *(SORT_BY_NAME(.init_array.*))
 *(.init_array*)
 .init_array    0x0000000008001334        0x4 /opt/st/stm32cubeide_1.2.0/plugins/com.st.stm32cube.ide.mcu.externaltools.gnu-tools-for-stm32.7-2018-q2-update.linux64_1.0.0.201904181610/tools/bin/../lib/gcc/arm-none-eabi/7.3.1/thumb/v7e-m/fpv4-sp/hard/crtbegin.o
                0x0000000008001338                PROVIDE (__init_array_end = .)
                0x0000000008001338                . = ALIGN (0x4)

.fini_array     0x0000000008001338        0x4
                0x0000000008001338                . = ALIGN (0x4)
                [!provide]                        PROVIDE (__fini_array_start = .)
 *(SORT_BY_NAME(.fini_array.*))
 *(.fini_array*)
 .fini_array    0x0000000008001338        0x4 /opt/st/stm32cubeide_1.2.0/plugins/com.st.stm32cube.ide.mcu.externaltools.gnu-tools-for-stm32.7-2018-q2-update.linux64_1.0.0.201904181610/tools/bin/../lib/gcc/arm-none-eabi/7.3.1/thumb/v7e-m/fpv4-sp/hard/crtbegin.o
                [!provide]                        PROVIDE (__fini_array_end = .)
                0x000000000800133c                . = ALIGN (0x4)
                0x000000000800133c                _sidata = LOADADDR (.data)

.data           0x0000000020000000       0x6c load address 0x000000000800133c
                0x0000000020000000                . = ALIGN (0x4)
                0x0000000020000000                _sdata = .
 *(.data)
 *(.data*)
 .data.g_data1  0x0000000020000000        0x4 Src/main.o
                0x0000000020000000                g_data1
 .data.g_data2  0x0000000020000004        0x4 Src/main.o
                0x0000000020000004                g_data2
 .data._impure_ptr
                0x0000000020000008        0x4 /opt/st/stm32cubeide_1.2.0/plugins/com.st.stm32cube.ide.mcu.externaltools.gnu-tools-for-stm32.7-2018-q2-update.linux64_1.0.0.201904181610/tools/bin/../lib/gcc/arm-none-eabi/7.3.1/../../../../arm-none-eabi/lib/thumb/v7e-m/fpv4-sp/hard/libc_nano.a(lib_a-impure.o)
                0x0000000020000008                _impure_ptr
 .data.impure_data
                0x000000002000000c       0x60 /opt/st/stm32cubeide_1.2.0/plugins/com.st.stm32cube.ide.mcu.externaltools.gnu-tools-for-stm32.7-2018-q2-update.linux64_1.0.0.201904181610/tools/bin/../lib/gcc/arm-none-eabi/7.3.1/../../../../arm-none-eabi/lib/thumb/v7e-m/fpv4-sp/hard/libc_nano.a(lib_a-impure.o)
                0x000000002000006c                . = ALIGN (0x4)
                0x000000002000006c                _edata = .

.igot.plt       0x000000002000006c        0x0 load address 0x00000000080013a8
 .igot.plt      0x000000002000006c        0x0 /opt/st/stm32cubeide_1.2.0/plugins/com.st.stm32cube.ide.mcu.externaltools.gnu-tools-for-stm32.7-2018-q2-update.linux64_1.0.0.201904181610/tools/bin/../lib/gcc/arm-none-eabi/7.3.1/thumb/v7e-m/fpv4-sp/hard/crtbegin.o
                0x000000002000006c                . = ALIGN (0x4)

.bss            0x000000002000006c       0x30 load address 0x00000000080013a8
                0x000000002000006c                _sbss = .
                0x000000002000006c                __bss_start__ = _sbss
 *(.bss)
 .bss           0x000000002000006c       0x1c /opt/st/stm32cubeide_1.2.0/plugins/com.st.stm32cube.ide.mcu.externaltools.gnu-tools-for-stm32.7-2018-q2-update.linux64_1.0.0.201904181610/tools/bin/../lib/gcc/arm-none-eabi/7.3.1/thumb/v7e-m/fpv4-sp/hard/crtbegin.o
 *(.bss*)
 .bss.result    0x0000000020000088        0x4 Src/main.o
                0x0000000020000088                result
 .bss.heap_end.6424
                0x000000002000008c        0x4 Src/sysmem.o
 .bss.__malloc_free_list
                0x0000000020000090        0x4 /opt/st/stm32cubeide_1.2.0/plugins/com.st.stm32cube.ide.mcu.externaltools.gnu-tools-for-stm32.7-2018-q2-update.linux64_1.0.0.201904181610/tools/bin/../lib/gcc/arm-none-eabi/7.3.1/../../../../arm-none-eabi/lib/thumb/v7e-m/fpv4-sp/hard/libc_nano.a(lib_a-nano-mallocr.o)
                0x0000000020000090                __malloc_free_list
 .bss.__malloc_sbrk_start
                0x0000000020000094        0x4 /opt/st/stm32cubeide_1.2.0/plugins/com.st.stm32cube.ide.mcu.externaltools.gnu-tools-for-stm32.7-2018-q2-update.linux64_1.0.0.201904181610/tools/bin/../lib/gcc/arm-none-eabi/7.3.1/../../../../arm-none-eabi/lib/thumb/v7e-m/fpv4-sp/hard/libc_nano.a(lib_a-nano-mallocr.o)
                0x0000000020000094                __malloc_sbrk_start
 *(COMMON)
 COMMON         0x0000000020000098        0x4 /opt/st/stm32cubeide_1.2.0/plugins/com.st.stm32cube.ide.mcu.externaltools.gnu-tools-for-stm32.7-2018-q2-update.linux64_1.0.0.201904181610/tools/bin/../lib/gcc/arm-none-eabi/7.3.1/../../../../arm-none-eabi/lib/thumb/v7e-m/fpv4-sp/hard/libc_nano.a(lib_a-reent.o)
                0x0000000020000098                errno
                0x000000002000009c                . = ALIGN (0x4)
                0x000000002000009c                _ebss = .
                0x000000002000009c                __bss_end__ = _ebss

._user_heap_stack
                0x000000002000009c      0x604 load address 0x00000000080013a8
                0x00000000200000a0                . = ALIGN (0x8)
 *fill*         0x000000002000009c        0x4 
                0x00000000200000a0                PROVIDE (end = .)
                [!provide]                        PROVIDE (_end = .)
                0x00000000200002a0                . = (. + _Min_Heap_Size)
 *fill*         0x00000000200000a0      0x200 
                0x00000000200006a0                . = (. + _Min_Stack_Size)
 *fill*         0x00000000200002a0      0x400 
                0x00000000200006a0                . = ALIGN (0x8)

/DISCARD/
 libc.a(*)
 libm.a(*)
 libgcc.a(*)

.ARM.attributes
                0x0000000000000000       0x30
 *(.ARM.attributes)
 .ARM.attributes
                0x0000000000000000       0x22 /opt/st/stm32cubeide_1.2.0/plugins/com.st.stm32cube.ide.mcu.externaltools.gnu-tools-for-stm32.7-2018-q2-update.linux64_1.0.0.201904181610/tools/bin/../lib/gcc/arm-none-eabi/7.3.1/thumb/v7e-m/fpv4-sp/hard/crti.o
 .ARM.attributes
                0x0000000000000022       0x34 /opt/st/stm32cubeide_1.2.0/plugins/com.st.stm32cube.ide.mcu.externaltools.gnu-tools-for-stm32.7-2018-q2-update.linux64_1.0.0.201904181610/tools/bin/../lib/gcc/arm-none-eabi/7.3.1/thumb/v7e-m/fpv4-sp/hard/crtbegin.o
 .ARM.attributes
                0x0000000000000056       0x39 Src/main.o
 .ARM.attributes
                0x000000000000008f       0x39 Src/syscalls.o
 .ARM.attributes
                0x00000000000000c8       0x39 Src/sysmem.o
 .ARM.attributes
                0x0000000000000101       0x21 Startup/startup_stm32f407vgtx.o
 .ARM.attributes
                0x0000000000000122       0x34 /opt/st/stm32cubeide_1.2.0/plugins/com.st.stm32cube.ide.mcu.externaltools.gnu-tools-for-stm32.7-2018-q2-update.linux64_1.0.0.201904181610/tools/bin/../lib/gcc/arm-none-eabi/7.3.1/../../../../arm-none-eabi/lib/thumb/v7e-m/fpv4-sp/hard/libc_nano.a(lib_a-errno.o)
 .ARM.attributes
                0x0000000000000156       0x34 /opt/st/stm32cubeide_1.2.0/plugins/com.st.stm32cube.ide.mcu.externaltools.gnu-tools-for-stm32.7-2018-q2-update.linux64_1.0.0.201904181610/tools/bin/../lib/gcc/arm-none-eabi/7.3.1/../../../../arm-none-eabi/lib/thumb/v7e-m/fpv4-sp/hard/libc_nano.a(lib_a-impure.o)
 .ARM.attributes
                0x000000000000018a       0x34 /opt/st/stm32cubeide_1.2.0/plugins/com.st.stm32cube.ide.mcu.externaltools.gnu-tools-for-stm32.7-2018-q2-update.linux64_1.0.0.201904181610/tools/bin/../lib/gcc/arm-none-eabi/7.3.1/../../../../arm-none-eabi/lib/thumb/v7e-m/fpv4-sp/hard/libc_nano.a(lib_a-init.o)
 .ARM.attributes
                0x00000000000001be       0x34 /opt/st/stm32cubeide_1.2.0/plugins/com.st.stm32cube.ide.mcu.externaltools.gnu-tools-for-stm32.7-2018-q2-update.linux64_1.0.0.201904181610/tools/bin/../lib/gcc/arm-none-eabi/7.3.1/../../../../arm-none-eabi/lib/thumb/v7e-m/fpv4-sp/hard/libc_nano.a(lib_a-memset.o)
 .ARM.attributes
                0x00000000000001f2       0x34 /opt/st/stm32cubeide_1.2.0/plugins/com.st.stm32cube.ide.mcu.externaltools.gnu-tools-for-stm32.7-2018-q2-update.linux64_1.0.0.201904181610/tools/bin/../lib/gcc/arm-none-eabi/7.3.1/../../../../arm-none-eabi/lib/thumb/v7e-m/fpv4-sp/hard/libc_nano.a(lib_a-printf.o)
 .ARM.attributes
                0x0000000000000226       0x34 /opt/st/stm32cubeide_1.2.0/plugins/com.st.stm32cube.ide.mcu.externaltools.gnu-tools-for-stm32.7-2018-q2-update.linux64_1.0.0.201904181610/tools/bin/../lib/gcc/arm-none-eabi/7.3.1/../../../../arm-none-eabi/lib/thumb/v7e-m/fpv4-sp/hard/libc_nano.a(lib_a-findfp.o)
 .ARM.attributes
                0x000000000000025a       0x34 /opt/st/stm32cubeide_1.2.0/plugins/com.st.stm32cube.ide.mcu.externaltools.gnu-tools-for-stm32.7-2018-q2-update.linux64_1.0.0.201904181610/tools/bin/../lib/gcc/arm-none-eabi/7.3.1/../../../../arm-none-eabi/lib/thumb/v7e-m/fpv4-sp/hard/libc_nano.a(lib_a-fwalk.o)
 .ARM.attributes
                0x000000000000028e       0x34 /opt/st/stm32cubeide_1.2.0/plugins/com.st.stm32cube.ide.mcu.externaltools.gnu-tools-for-stm32.7-2018-q2-update.linux64_1.0.0.201904181610/tools/bin/../lib/gcc/arm-none-eabi/7.3.1/../../../../arm-none-eabi/lib/thumb/v7e-m/fpv4-sp/hard/libc_nano.a(lib_a-nano-mallocr.o)
 .ARM.attributes
                0x00000000000002c2       0x34 /opt/st/stm32cubeide_1.2.0/plugins/com.st.stm32cube.ide.mcu.externaltools.gnu-tools-for-stm32.7-2018-q2-update.linux64_1.0.0.201904181610/tools/bin/../lib/gcc/arm-none-eabi/7.3.1/../../../../arm-none-eabi/lib/thumb/v7e-m/fpv4-sp/hard/libc_nano.a(lib_a-nano-vfprintf.o)
 .ARM.attributes
                0x00000000000002f6       0x34 /opt/st/stm32cubeide_1.2.0/plugins/com.st.stm32cube.ide.mcu.externaltools.gnu-tools-for-stm32.7-2018-q2-update.linux64_1.0.0.201904181610/tools/bin/../lib/gcc/arm-none-eabi/7.3.1/../../../../arm-none-eabi/lib/thumb/v7e-m/fpv4-sp/hard/libc_nano.a(lib_a-nano-vfprintf_i.o)
 .ARM.attributes
                0x000000000000032a       0x34 /opt/st/stm32cubeide_1.2.0/plugins/com.st.stm32cube.ide.mcu.externaltools.gnu-tools-for-stm32.7-2018-q2-update.linux64_1.0.0.201904181610/tools/bin/../lib/gcc/arm-none-eabi/7.3.1/../../../../arm-none-eabi/lib/thumb/v7e-m/fpv4-sp/hard/libc_nano.a(lib_a-sbrkr.o)
 .ARM.attributes
                0x000000000000035e       0x34 /opt/st/stm32cubeide_1.2.0/plugins/com.st.stm32cube.ide.mcu.externaltools.gnu-tools-for-stm32.7-2018-q2-update.linux64_1.0.0.201904181610/tools/bin/../lib/gcc/arm-none-eabi/7.3.1/../../../../arm-none-eabi/lib/thumb/v7e-m/fpv4-sp/hard/libc_nano.a(lib_a-stdio.o)
 .ARM.attributes
                0x0000000000000392       0x34 /opt/st/stm32cubeide_1.2.0/plugins/com.st.stm32cube.ide.mcu.externaltools.gnu-tools-for-stm32.7-2018-q2-update.linux64_1.0.0.201904181610/tools/bin/../lib/gcc/arm-none-eabi/7.3.1/../../../../arm-none-eabi/lib/thumb/v7e-m/fpv4-sp/hard/libc_nano.a(lib_a-wbuf.o)
 .ARM.attributes
                0x00000000000003c6       0x34 /opt/st/stm32cubeide_1.2.0/plugins/com.st.stm32cube.ide.mcu.externaltools.gnu-tools-for-stm32.7-2018-q2-update.linux64_1.0.0.201904181610/tools/bin/../lib/gcc/arm-none-eabi/7.3.1/../../../../arm-none-eabi/lib/thumb/v7e-m/fpv4-sp/hard/libc_nano.a(lib_a-writer.o)
 .ARM.attributes
                0x00000000000003fa       0x34 /opt/st/stm32cubeide_1.2.0/plugins/com.st.stm32cube.ide.mcu.externaltools.gnu-tools-for-stm32.7-2018-q2-update.linux64_1.0.0.201904181610/tools/bin/../lib/gcc/arm-none-eabi/7.3.1/../../../../arm-none-eabi/lib/thumb/v7e-m/fpv4-sp/hard/libc_nano.a(lib_a-wsetup.o)
 .ARM.attributes
                0x000000000000042e       0x34 /opt/st/stm32cubeide_1.2.0/plugins/com.st.stm32cube.ide.mcu.externaltools.gnu-tools-for-stm32.7-2018-q2-update.linux64_1.0.0.201904181610/tools/bin/../lib/gcc/arm-none-eabi/7.3.1/../../../../arm-none-eabi/lib/thumb/v7e-m/fpv4-sp/hard/libc_nano.a(lib_a-closer.o)
 .ARM.attributes
                0x0000000000000462       0x34 /opt/st/stm32cubeide_1.2.0/plugins/com.st.stm32cube.ide.mcu.externaltools.gnu-tools-for-stm32.7-2018-q2-update.linux64_1.0.0.201904181610/tools/bin/../lib/gcc/arm-none-eabi/7.3.1/../../../../arm-none-eabi/lib/thumb/v7e-m/fpv4-sp/hard/libc_nano.a(lib_a-fflush.o)
 .ARM.attributes
                0x0000000000000496       0x34 /opt/st/stm32cubeide_1.2.0/plugins/com.st.stm32cube.ide.mcu.externaltools.gnu-tools-for-stm32.7-2018-q2-update.linux64_1.0.0.201904181610/tools/bin/../lib/gcc/arm-none-eabi/7.3.1/../../../../arm-none-eabi/lib/thumb/v7e-m/fpv4-sp/hard/libc_nano.a(lib_a-lseekr.o)
 .ARM.attributes
                0x00000000000004ca       0x34 /opt/st/stm32cubeide_1.2.0/plugins/com.st.stm32cube.ide.mcu.externaltools.gnu-tools-for-stm32.7-2018-q2-update.linux64_1.0.0.201904181610/tools/bin/../lib/gcc/arm-none-eabi/7.3.1/../../../../arm-none-eabi/lib/thumb/v7e-m/fpv4-sp/hard/libc_nano.a(lib_a-makebuf.o)
 .ARM.attributes
                0x00000000000004fe       0x20 /opt/st/stm32cubeide_1.2.0/plugins/com.st.stm32cube.ide.mcu.externaltools.gnu-tools-for-stm32.7-2018-q2-update.linux64_1.0.0.201904181610/tools/bin/../lib/gcc/arm-none-eabi/7.3.1/../../../../arm-none-eabi/lib/thumb/v7e-m/fpv4-sp/hard/libc_nano.a(lib_a-memchr.o)
 .ARM.attributes
                0x000000000000051e       0x34 /opt/st/stm32cubeide_1.2.0/plugins/com.st.stm32cube.ide.mcu.externaltools.gnu-tools-for-stm32.7-2018-q2-update.linux64_1.0.0.201904181610/tools/bin/../lib/gcc/arm-none-eabi/7.3.1/../../../../arm-none-eabi/lib/thumb/v7e-m/fpv4-sp/hard/libc_nano.a(lib_a-mlock.o)
 .ARM.attributes
                0x0000000000000552       0x34 /opt/st/stm32cubeide_1.2.0/plugins/com.st.stm32cube.ide.mcu.externaltools.gnu-tools-for-stm32.7-2018-q2-update.linux64_1.0.0.201904181610/tools/bin/../lib/gcc/arm-none-eabi/7.3.1/../../../../arm-none-eabi/lib/thumb/v7e-m/fpv4-sp/hard/libc_nano.a(lib_a-nano-freer.o)
 .ARM.attributes
                0x0000000000000586       0x34 /opt/st/stm32cubeide_1.2.0/plugins/com.st.stm32cube.ide.mcu.externaltools.gnu-tools-for-stm32.7-2018-q2-update.linux64_1.0.0.201904181610/tools/bin/../lib/gcc/arm-none-eabi/7.3.1/../../../../arm-none-eabi/lib/thumb/v7e-m/fpv4-sp/hard/libc_nano.a(lib_a-readr.o)
 .ARM.attributes
                0x00000000000005ba       0x34 /opt/st/stm32cubeide_1.2.0/plugins/com.st.stm32cube.ide.mcu.externaltools.gnu-tools-for-stm32.7-2018-q2-update.linux64_1.0.0.201904181610/tools/bin/../lib/gcc/arm-none-eabi/7.3.1/../../../../arm-none-eabi/lib/thumb/v7e-m/fpv4-sp/hard/libc_nano.a(lib_a-reent.o)
 .ARM.attributes
                0x00000000000005ee       0x34 /opt/st/stm32cubeide_1.2.0/plugins/com.st.stm32cube.ide.mcu.externaltools.gnu-tools-for-stm32.7-2018-q2-update.linux64_1.0.0.201904181610/tools/bin/../lib/gcc/arm-none-eabi/7.3.1/../../../../arm-none-eabi/lib/thumb/v7e-m/fpv4-sp/hard/libc_nano.a(lib_a-fstatr.o)
 .ARM.attributes
                0x0000000000000622       0x34 /opt/st/stm32cubeide_1.2.0/plugins/com.st.stm32cube.ide.mcu.externaltools.gnu-tools-for-stm32.7-2018-q2-update.linux64_1.0.0.201904181610/tools/bin/../lib/gcc/arm-none-eabi/7.3.1/../../../../arm-none-eabi/lib/thumb/v7e-m/fpv4-sp/hard/libc_nano.a(lib_a-isattyr.o)
 .ARM.attributes
                0x0000000000000656       0x22 /opt/st/stm32cubeide_1.2.0/plugins/com.st.stm32cube.ide.mcu.externaltools.gnu-tools-for-stm32.7-2018-q2-update.linux64_1.0.0.201904181610/tools/bin/../lib/gcc/arm-none-eabi/7.3.1/thumb/v7e-m/fpv4-sp/hard/crtn.o
OUTPUT(003Add.elf elf32-littlearm)

.debug_info     0x0000000000000000     0x20cc
 .debug_info    0x0000000000000000      0x8d1 Src/main.o
 .debug_info    0x00000000000008d1      0xebd Src/syscalls.o
 .debug_info    0x000000000000178e      0x91c Src/sysmem.o
 .debug_info    0x00000000000020aa       0x22 Startup/startup_stm32f407vgtx.o

.debug_abbrev   0x0000000000000000      0x5a4
 .debug_abbrev  0x0000000000000000      0x176 Src/main.o
 .debug_abbrev  0x0000000000000176      0x261 Src/syscalls.o
 .debug_abbrev  0x00000000000003d7      0x1bb Src/sysmem.o
 .debug_abbrev  0x0000000000000592       0x12 Startup/startup_stm32f407vgtx.o

.debug_aranges  0x0000000000000000      0x110
 .debug_aranges
                0x0000000000000000       0x20 Src/main.o
 .debug_aranges
                0x0000000000000020       0xa8 Src/syscalls.o
 .debug_aranges
                0x00000000000000c8       0x20 Src/sysmem.o
 .debug_aranges
                0x00000000000000e8       0x28 Startup/startup_stm32f407vgtx.o

.debug_ranges   0x0000000000000000       0xd8
 .debug_ranges  0x0000000000000000       0x10 Src/main.o
 .debug_ranges  0x0000000000000010       0x98 Src/syscalls.o
 .debug_ranges  0x00000000000000a8       0x10 Src/sysmem.o
 .debug_ranges  0x00000000000000b8       0x20 Startup/startup_stm32f407vgtx.o

.debug_macro    0x0000000000000000     0x278a
 .debug_macro   0x0000000000000000      0x196 Src/main.o
 .debug_macro   0x0000000000000196      0xa66 Src/main.o
 .debug_macro   0x0000000000000bfc       0x22 Src/main.o
 .debug_macro   0x0000000000000c1e       0x40 Src/main.o
 .debug_macro   0x0000000000000c5e       0x18 Src/main.o
 .debug_macro   0x0000000000000c76       0x94 Src/main.o
 .debug_macro   0x0000000000000d0a       0x3c Src/main.o
 .debug_macro   0x0000000000000d46       0x34 Src/main.o
 .debug_macro   0x0000000000000d7a       0x16 Src/main.o
 .debug_macro   0x0000000000000d90       0x57 Src/main.o
 .debug_macro   0x0000000000000de7       0x97 Src/main.o
 .debug_macro   0x0000000000000e7e      0x330 Src/main.o
 .debug_macro   0x00000000000011ae       0xfd Src/main.o
 .debug_macro   0x00000000000012ab       0x10 Src/main.o
 .debug_macro   0x00000000000012bb       0x52 Src/main.o
 .debug_macro   0x000000000000130d       0x1f Src/main.o
 .debug_macro   0x000000000000132c       0x43 Src/main.o
 .debug_macro   0x000000000000136f       0x20 Src/main.o
 .debug_macro   0x000000000000138f      0x1a3 Src/main.o
 .debug_macro   0x0000000000001532       0x10 Src/main.o
 .debug_macro   0x0000000000001542       0x6a Src/main.o
 .debug_macro   0x00000000000015ac       0x1c Src/main.o
 .debug_macro   0x00000000000015c8       0x52 Src/main.o
 .debug_macro   0x000000000000161a       0x40 Src/main.o
 .debug_macro   0x000000000000165a       0x10 Src/main.o
 .debug_macro   0x000000000000166a       0x40 Src/main.o
 .debug_macro   0x00000000000016aa       0xd7 Src/main.o
 .debug_macro   0x0000000000001781       0x1c Src/main.o
 .debug_macro   0x000000000000179d       0x3d Src/main.o
 .debug_macro   0x00000000000017da       0x16 Src/main.o
 .debug_macro   0x00000000000017f0      0x145 Src/main.o
 .debug_macro   0x0000000000001935      0x243 Src/syscalls.o
 .debug_macro   0x0000000000001b78      0x174 Src/syscalls.o
 .debug_macro   0x0000000000001cec       0x10 Src/syscalls.o
 .debug_macro   0x0000000000001cfc       0x35 Src/syscalls.o
 .debug_macro   0x0000000000001d31       0x10 Src/syscalls.o
 .debug_macro   0x0000000000001d41       0x10 Src/syscalls.o
 .debug_macro   0x0000000000001d51       0x35 Src/syscalls.o
 .debug_macro   0x0000000000001d86      0x122 Src/syscalls.o
 .debug_macro   0x0000000000001ea8       0x16 Src/syscalls.o
 .debug_macro   0x0000000000001ebe       0x16 Src/syscalls.o
 .debug_macro   0x0000000000001ed4       0x29 Src/syscalls.o
 .debug_macro   0x0000000000001efd       0x10 Src/syscalls.o
 .debug_macro   0x0000000000001f0d      0x241 Src/syscalls.o
 .debug_macro   0x000000000000214e       0x1c Src/syscalls.o
 .debug_macro   0x000000000000216a       0x10 Src/syscalls.o
 .debug_macro   0x000000000000217a      0x189 Src/syscalls.o
 .debug_macro   0x0000000000002303       0x16 Src/syscalls.o
 .debug_macro   0x0000000000002319       0x88 Src/syscalls.o
 .debug_macro   0x00000000000023a1      0x1ae Src/sysmem.o
 .debug_macro   0x000000000000254f      0x23b Src/sysmem.o

.debug_line     0x0000000000000000     0x11d2
 .debug_line    0x0000000000000000      0x512 Src/main.o
 .debug_line    0x0000000000000512      0x710 Src/syscalls.o
 .debug_line    0x0000000000000c22      0x52c Src/sysmem.o
 .debug_line    0x000000000000114e       0x84 Startup/startup_stm32f407vgtx.o

.debug_str      0x0000000000000000     0x86ee
 .debug_str     0x0000000000000000     0x749a Src/main.o
                                       0x7676 (size before relaxing)
 .debug_str     0x000000000000749a     0x11f2 Src/syscalls.o
                                       0x88b5 (size before relaxing)
 .debug_str     0x000000000000868c       0x31 Src/sysmem.o
                                       0x7b0e (size before relaxing)
 .debug_str     0x00000000000086bd       0x31 Startup/startup_stm32f407vgtx.o
                                         0x7a (size before relaxing)

.comment        0x0000000000000000       0x7b
 .comment       0x0000000000000000       0x7b Src/main.o
                                         0x7c (size before relaxing)
 .comment       0x000000000000007b       0x7c Src/syscalls.o
 .comment       0x000000000000007b       0x7c Src/sysmem.o

.debug_frame    0x0000000000000000      0xa40
 .debug_frame   0x0000000000000000       0x2c Src/main.o
 .debug_frame   0x000000000000002c      0x2ac Src/syscalls.o
 .debug_frame   0x00000000000002d8       0x34 Src/sysmem.o
 .debug_frame   0x000000000000030c       0x20 /opt/st/stm32cubeide_1.2.0/plugins/com.st.stm32cube.ide.mcu.externaltools.gnu-tools-for-stm32.7-2018-q2-update.linux64_1.0.0.201904181610/tools/bin/../lib/gcc/arm-none-eabi/7.3.1/../../../../arm-none-eabi/lib/thumb/v7e-m/fpv4-sp/hard/libc_nano.a(lib_a-errno.o)
 .debug_frame   0x000000000000032c       0x2c /opt/st/stm32cubeide_1.2.0/plugins/com.st.stm32cube.ide.mcu.externaltools.gnu-tools-for-stm32.7-2018-q2-update.linux64_1.0.0.201904181610/tools/bin/../lib/gcc/arm-none-eabi/7.3.1/../../../../arm-none-eabi/lib/thumb/v7e-m/fpv4-sp/hard/libc_nano.a(lib_a-init.o)
 .debug_frame   0x0000000000000358       0x20 /opt/st/stm32cubeide_1.2.0/plugins/com.st.stm32cube.ide.mcu.externaltools.gnu-tools-for-stm32.7-2018-q2-update.linux64_1.0.0.201904181610/tools/bin/../lib/gcc/arm-none-eabi/7.3.1/../../../../arm-none-eabi/lib/thumb/v7e-m/fpv4-sp/hard/libc_nano.a(lib_a-memset.o)
 .debug_frame   0x0000000000000378       0x74 /opt/st/stm32cubeide_1.2.0/plugins/com.st.stm32cube.ide.mcu.externaltools.gnu-tools-for-stm32.7-2018-q2-update.linux64_1.0.0.201904181610/tools/bin/../lib/gcc/arm-none-eabi/7.3.1/../../../../arm-none-eabi/lib/thumb/v7e-m/fpv4-sp/hard/libc_nano.a(lib_a-printf.o)
 .debug_frame   0x00000000000003ec      0x11c /opt/st/stm32cubeide_1.2.0/plugins/com.st.stm32cube.ide.mcu.externaltools.gnu-tools-for-stm32.7-2018-q2-update.linux64_1.0.0.201904181610/tools/bin/../lib/gcc/arm-none-eabi/7.3.1/../../../../arm-none-eabi/lib/thumb/v7e-m/fpv4-sp/hard/libc_nano.a(lib_a-findfp.o)
 .debug_frame   0x0000000000000508       0x54 /opt/st/stm32cubeide_1.2.0/plugins/com.st.stm32cube.ide.mcu.externaltools.gnu-tools-for-stm32.7-2018-q2-update.linux64_1.0.0.201904181610/tools/bin/../lib/gcc/arm-none-eabi/7.3.1/../../../../arm-none-eabi/lib/thumb/v7e-m/fpv4-sp/hard/libc_nano.a(lib_a-fwalk.o)
 .debug_frame   0x000000000000055c       0x2c /opt/st/stm32cubeide_1.2.0/plugins/com.st.stm32cube.ide.mcu.externaltools.gnu-tools-for-stm32.7-2018-q2-update.linux64_1.0.0.201904181610/tools/bin/../lib/gcc/arm-none-eabi/7.3.1/../../../../arm-none-eabi/lib/thumb/v7e-m/fpv4-sp/hard/libc_nano.a(lib_a-nano-mallocr.o)
 .debug_frame   0x0000000000000588       0xac /opt/st/stm32cubeide_1.2.0/plugins/com.st.stm32cube.ide.mcu.externaltools.gnu-tools-for-stm32.7-2018-q2-update.linux64_1.0.0.201904181610/tools/bin/../lib/gcc/arm-none-eabi/7.3.1/../../../../arm-none-eabi/lib/thumb/v7e-m/fpv4-sp/hard/libc_nano.a(lib_a-nano-vfprintf.o)
 .debug_frame   0x0000000000000634       0x60 /opt/st/stm32cubeide_1.2.0/plugins/com.st.stm32cube.ide.mcu.externaltools.gnu-tools-for-stm32.7-2018-q2-update.linux64_1.0.0.201904181610/tools/bin/../lib/gcc/arm-none-eabi/7.3.1/../../../../arm-none-eabi/lib/thumb/v7e-m/fpv4-sp/hard/libc_nano.a(lib_a-nano-vfprintf_i.o)
 .debug_frame   0x0000000000000694       0x2c /opt/st/stm32cubeide_1.2.0/plugins/com.st.stm32cube.ide.mcu.externaltools.gnu-tools-for-stm32.7-2018-q2-update.linux64_1.0.0.201904181610/tools/bin/../lib/gcc/arm-none-eabi/7.3.1/../../../../arm-none-eabi/lib/thumb/v7e-m/fpv4-sp/hard/libc_nano.a(lib_a-sbrkr.o)
 .debug_frame   0x00000000000006c0       0x88 /opt/st/stm32cubeide_1.2.0/plugins/com.st.stm32cube.ide.mcu.externaltools.gnu-tools-for-stm32.7-2018-q2-update.linux64_1.0.0.201904181610/tools/bin/../lib/gcc/arm-none-eabi/7.3.1/../../../../arm-none-eabi/lib/thumb/v7e-m/fpv4-sp/hard/libc_nano.a(lib_a-stdio.o)
 .debug_frame   0x0000000000000748       0x40 /opt/st/stm32cubeide_1.2.0/plugins/com.st.stm32cube.ide.mcu.externaltools.gnu-tools-for-stm32.7-2018-q2-update.linux64_1.0.0.201904181610/tools/bin/../lib/gcc/arm-none-eabi/7.3.1/../../../../arm-none-eabi/lib/thumb/v7e-m/fpv4-sp/hard/libc_nano.a(lib_a-wbuf.o)
 .debug_frame   0x0000000000000788       0x2c /opt/st/stm32cubeide_1.2.0/plugins/com.st.stm32cube.ide.mcu.externaltools.gnu-tools-for-stm32.7-2018-q2-update.linux64_1.0.0.201904181610/tools/bin/../lib/gcc/arm-none-eabi/7.3.1/../../../../arm-none-eabi/lib/thumb/v7e-m/fpv4-sp/hard/libc_nano.a(lib_a-writer.o)
 .debug_frame   0x00000000000007b4       0x2c /opt/st/stm32cubeide_1.2.0/plugins/com.st.stm32cube.ide.mcu.externaltools.gnu-tools-for-stm32.7-2018-q2-update.linux64_1.0.0.201904181610/tools/bin/../lib/gcc/arm-none-eabi/7.3.1/../../../../arm-none-eabi/lib/thumb/v7e-m/fpv4-sp/hard/libc_nano.a(lib_a-wsetup.o)
 .debug_frame   0x00000000000007e0       0x2c /opt/st/stm32cubeide_1.2.0/plugins/com.st.stm32cube.ide.mcu.externaltools.gnu-tools-for-stm32.7-2018-q2-update.linux64_1.0.0.201904181610/tools/bin/../lib/gcc/arm-none-eabi/7.3.1/../../../../arm-none-eabi/lib/thumb/v7e-m/fpv4-sp/hard/libc_nano.a(lib_a-closer.o)
 .debug_frame   0x000000000000080c       0x68 /opt/st/stm32cubeide_1.2.0/plugins/com.st.stm32cube.ide.mcu.externaltools.gnu-tools-for-stm32.7-2018-q2-update.linux64_1.0.0.201904181610/tools/bin/../lib/gcc/arm-none-eabi/7.3.1/../../../../arm-none-eabi/lib/thumb/v7e-m/fpv4-sp/hard/libc_nano.a(lib_a-fflush.o)
 .debug_frame   0x0000000000000874       0x2c /opt/st/stm32cubeide_1.2.0/plugins/com.st.stm32cube.ide.mcu.externaltools.gnu-tools-for-stm32.7-2018-q2-update.linux64_1.0.0.201904181610/tools/bin/../lib/gcc/arm-none-eabi/7.3.1/../../../../arm-none-eabi/lib/thumb/v7e-m/fpv4-sp/hard/libc_nano.a(lib_a-lseekr.o)
 .debug_frame   0x00000000000008a0       0x58 /opt/st/stm32cubeide_1.2.0/plugins/com.st.stm32cube.ide.mcu.externaltools.gnu-tools-for-stm32.7-2018-q2-update.linux64_1.0.0.201904181610/tools/bin/../lib/gcc/arm-none-eabi/7.3.1/../../../../arm-none-eabi/lib/thumb/v7e-m/fpv4-sp/hard/libc_nano.a(lib_a-makebuf.o)
 .debug_frame   0x00000000000008f8       0x30 /opt/st/stm32cubeide_1.2.0/plugins/com.st.stm32cube.ide.mcu.externaltools.gnu-tools-for-stm32.7-2018-q2-update.linux64_1.0.0.201904181610/tools/bin/../lib/gcc/arm-none-eabi/7.3.1/../../../../arm-none-eabi/lib/thumb/v7e-m/fpv4-sp/hard/libc_nano.a(lib_a-mlock.o)
 .debug_frame   0x0000000000000928       0x38 /opt/st/stm32cubeide_1.2.0/plugins/com.st.stm32cube.ide.mcu.externaltools.gnu-tools-for-stm32.7-2018-q2-update.linux64_1.0.0.201904181610/tools/bin/../lib/gcc/arm-none-eabi/7.3.1/../../../../arm-none-eabi/lib/thumb/v7e-m/fpv4-sp/hard/libc_nano.a(lib_a-nano-freer.o)
 .debug_frame   0x0000000000000960       0x2c /opt/st/stm32cubeide_1.2.0/plugins/com.st.stm32cube.ide.mcu.externaltools.gnu-tools-for-stm32.7-2018-q2-update.linux64_1.0.0.201904181610/tools/bin/../lib/gcc/arm-none-eabi/7.3.1/../../../../arm-none-eabi/lib/thumb/v7e-m/fpv4-sp/hard/libc_nano.a(lib_a-readr.o)
 .debug_frame   0x000000000000098c       0x5c /opt/st/stm32cubeide_1.2.0/plugins/com.st.stm32cube.ide.mcu.externaltools.gnu-tools-for-stm32.7-2018-q2-update.linux64_1.0.0.201904181610/tools/bin/../lib/gcc/arm-none-eabi/7.3.1/../../../../arm-none-eabi/lib/thumb/v7e-m/fpv4-sp/hard/libc_nano.a(lib_a-reent.o)
 .debug_frame   0x00000000000009e8       0x2c /opt/st/stm32cubeide_1.2.0/plugins/com.st.stm32cube.ide.mcu.externaltools.gnu-tools-for-stm32.7-2018-q2-update.linux64_1.0.0.201904181610/tools/bin/../lib/gcc/arm-none-eabi/7.3.1/../../../../arm-none-eabi/lib/thumb/v7e-m/fpv4-sp/hard/libc_nano.a(lib_a-fstatr.o)
 .debug_frame   0x0000000000000a14       0x2c /opt/st/stm32cubeide_1.2.0/plugins/com.st.stm32cube.ide.mcu.externaltools.gnu-tools-for-stm32.7-2018-q2-update.linux64_1.0.0.201904181610/tools/bin/../lib/gcc/arm-none-eabi/7.3.1/../../../../arm-none-eabi/lib/thumb/v7e-m/fpv4-sp/hard/libc_nano.a(lib_a-isattyr.o)
