11:54:27 **** Incremental Build of configuration Debug for project 003Add ****
make -j4 all 
arm-none-eabi-size   003Add.elf 
   text	   data	    bss	    dec	    hex	filename
   4908	    116	   1588	   6612	   19d4	003Add.elf
Finished building: default.size.stdout
 
11:54:37 **** Incremental Build of configuration Debug for project 003Add ****
make -j4 all 
arm-none-eabi-size   003Add.elf 
   text	   data	    bss	    dec	    hex	filename
   4908	    116	   1588	   6612	   19d4	003Add.elf
Finished building: default.size.stdout
 
11:55:03 **** Incremental Build of configuration Debug for project 003Add ****
make -j4 all 
arm-none-eabi-size   003Add.elf 
   text	   data	    bss	    dec	    hex	filename
   4908	    116	   1588	   6612	   19d4	003Add.elf
Finished building: default.size.stdout
 
11:55:43 **** Incremental Build of configuration Debug for project 0001_helloworld ****
make -j4 all 
arm-none-eabi-size   0001_helloworld.elf 
   text	   data	    bss	    dec	    hex	filename
   3468	    108	   1580	   5156	   1424	0001_helloworld.elf
Finished building: default.size.stdout
 
11:55:43 **** Incremental Build of configuration Debug for project 000TestProject ****
make -j4 all 
arm-none-eabi-size   000TestProject.elf 
   text	   data	    bss	    dec	    hex	filename
    676	      8	   1568	   2252	    8cc	000TestProject.elf
Finished building: default.size.stdout
 
11:55:44 **** Incremental Build of configuration Debug for project 003Add ****
make -j4 all 
arm-none-eabi-size   003Add.elf 
   text	   data	    bss	    dec	    hex	filename
   4908	    116	   1588	   6612	   19d4	003Add.elf
Finished building: default.size.stdout
 
11:56:33 **** Incremental Build of configuration Debug for project 003Add ****
make -j4 all 
arm-none-eabi-size   003Add.elf 
   text	   data	    bss	    dec	    hex	filename
   4908	    116	   1588	   6612	   19d4	003Add.elf
Finished building: default.size.stdout
 
12:11:18 **** Incremental Build of configuration Debug for project 003Add ****
make -j4 all 
arm-none-eabi-size   003Add.elf 
   text	   data	    bss	    dec	    hex	filename
   4908	    116	   1588	   6612	   19d4	003Add.elf
Finished building: default.size.stdout
 
